01. Abrir o VSCode, ir na pasta 'frontend' e rodar:
$ npm install -g @angular/cli

02. Depois iremos criar o projeto Angular:
$ ng new bankcsm-ui
(escolher SCSS para design e No para preprocessamento)

03. Abrir a pasta 'frontend/bankcsm-ui' no VSCode.

04. Como Design System iremos utilizar o Bootstrap, sendo assim, execute o comando para instala-lo:
$ npm install bootstrap
(certifique-se que está dentro da pasta ./frontend/bankcsm-ui ao executar o comando)

05. Ajuste o arquivo angular.json para que a parte de styles fique da seguinte forma:
            "styles": [
              "node_modules/bootstrap/dist/css/bootstrap.min.css",
              "src/styles.scss"
            ],

06. Criar a pasta 'src/environments' e criar os arquivos environment.ts e environment.prod.ts.
Adicionar os seguintes códigos em cada um deles:
/***** environment.ts start *****/
export const environment = {
    production: false,
    apiUrl: 'http://apidevmatbankcsm.soon.it/api'
};
/***** environment.ts end *****/

/***** environment.prod.ts start *****/
export const environment = {
    production: true,
    apiUrl: 'http://apidevmatbankcsm.soon.it/api'
};
/***** environment.prod.ts end *****/

07. Abra o arquivo angular.json e ajuste a parte de configurations > production para possuir o fileReplacements:
          "configurations": {
            "production": {
              "fileReplacements": [
                {
                  "replace": "src/environments/environment.ts",
                  "with": "src/environments/environment.prod.ts"
                }
              ],

08. Salve tudo e execute o seguinte cmd para criar a pasta de serviços:
$ ng generate service services/api
(será criada a pasta src/app/services/ com 2 arquivos dentro: api.service.spec.ts e api.service.ts)

09. Adicione o seguinte código para o arquivo api.service.ts:
/***** api.service.ts start *****/
import { Injectable } from '@angular/core';
import { HttpClient } from '@angular/common/http';
import { environment } from '../../environments/environment';

@Injectable({
  providedIn: 'root'
})
export class ApiService {
  private apiUrl = environment.apiUrl;

  constructor(private http: HttpClient) {}

  getCustomerAgreements() {
    return this.http.get(`${this.apiUrl}/CustomerAgreement/GetList`);
  }

  getPartyDirectory() {
    return this.http.get(`${this.apiUrl}/PartyDirectory/GetList`);
  }
}
/***** api.service.ts end *****/

10. Como nossa API exige um token, iremos criar um HttpInterceptor que adiciona o token automaticamente nos headers.
Para isso, execute o seguinte comando:
$ ng generate service interceptors/auth
(será criada a pasta src/app/interceptors/ com 2 arquivos dentro: auth.service.spec.ts e auth.service.ts)

11. Adicione o seguinte código para o arquivo auth.service.ts:
/***** auth.service.ts start *****/
import { Injectable } from '@angular/core';
import {
  HttpInterceptor,
  HttpRequest,
  HttpHandler,
  HttpEvent
} from '@angular/common/http';
import { Observable } from 'rxjs';

@Injectable()
export class AuthInterceptor implements HttpInterceptor {
  intercept(
    req: HttpRequest<any>,
    next: HttpHandler
  ): Observable<HttpEvent<any>> {
    const token = localStorage.getItem('token'); // Pegando o token armazenado

    if (token) {
      const cloned = req.clone({
        setHeaders: {
          Authorization: `Bearer ${token}`
        }
      });
      return next.handle(cloned);
    }
    return next.handle(req);
  }
}
/***** auth.service.ts end *****/

12. Agora vamos criar a parte de roteamento para nossos módulos. Começamos criando uma primeira página (login).
$ ng generate component pages/login
(será criada a pasta src/app/pages/login com os arquivos HTML, SCSS, SPEC.TS e TS)

13. Adicione o seguinte código no arquivo login.component.html:
/***** login.component.html start *****/
<div class="container d-flex justify-content-center align-items-center vh-100">
    <div class="card p-4 shadow" style="max-width: 400px; width: 100%;">
        <h2 class="text-center">Login</h2>
        <button class="btn btn-primary w-100 mt-3">
            Entrar com Google
        </button>
    </div>
</div>
/***** login.component.html end *****/

14. Ajuste o arquivo app.routes.ts com o seguinte código:
/***** app.routes.ts start *****/
import { NgModule } from '@angular/core';
import { RouterModule, Routes } from '@angular/router';
import { LoginComponent } from './pages/login/login.component';

export const routes: Routes = [
  { path: 'login', component: LoginComponent },
  { path: '', redirectTo: 'login', pathMatch: 'full' },
];

@NgModule({
  imports: [RouterModule.forRoot(routes)],
  exports: [RouterModule]
})
export class AppRouting {}
/***** app.routes.ts end *****/

15. Por padrão a aplicação criada é do tipo 'standalone' mas iremos converter ela para ser baseada em módulos.
Para isso, execute o seguinte comando:
$ ng generate module app --flat
(será criado o arquivo app.module.ts)

16. Adicione o seguinte código nesse novo arquivo (já estamos adicionando nosso HttpInterceptor):
/***** app.module.ts start *****/
import { NgModule } from '@angular/core';
import { BrowserModule } from '@angular/platform-browser';
import { AppRouting } from './app.routes';

@NgModule({
  imports: [BrowserModule, AppRouting],
  providers: []
})
export class AppModule {}
/***** app.module.ts end *****/

17. Agora substitua o conteúdo do arquivo main.ts para o seguinte:
/***** main.ts start *****/
import { enableProdMode, importProvidersFrom } from '@angular/core';
import { bootstrapApplication } from '@angular/platform-browser';
import { AppComponent } from './app/app.component';
import { AppRouting } from './app/app.routes';
import { BrowserModule } from '@angular/platform-browser';
import { environment } from './environments/environment';

if (environment.production) {
  enableProdMode();
}

bootstrapApplication(AppComponent, {
  providers: [importProvidersFrom(BrowserModule, AppRouting)]
}).catch(err => console.error(err));
/***** main.ts end *****/

18. Exclua o app.config.ts pois não precisamos mais dele já que mudamos nossa app para funcionar com módulos.

19. Abra o arquivo app.component.ts e deixe com o seguinte código:
/***** app.component.ts start *****/
import { Component } from '@angular/core';
import { RouterModule } from '@angular/router';

@Component({
  selector: 'app-root',
  standalone: true,
  imports: [RouterModule],
  templateUrl: './app.component.html',
  styleUrls: ['./app.component.scss']
})
export class AppComponent {}
/***** app.component.ts end *****/

20. Execute os seguintes comandos em ordem:
$ Remove-Item -Recurse -Force node_modules
$ Remove-Item -Force package-lock.json
$ ng cache clean
$ npm install
$ ng serve
(isso fará com que os erros do código sumam e que sua app seja iniciada)
(se ainda existirem erros no código mas que não bloqueiem a execução, tente reiniciar o VSCode para ver se somem)
